{
  "id": "06340aa4a8e74e1584343a2585266b5f",
  "createdTime": "2022-07-01T09:13:36.7589228+00:00",
  "completedTime": "2022-07-01T09:14:08.1833724+00:00",
  "containerName": "7df5d8c686bd4474bdad8cbeefa88b74",
  "status": 2,
  "dataPeriod": {
    "start": "1970-01-01T00:00:00+00:00",
    "end": "2022-07-01T00:00:00+00:00"
  },
  "filterContext": {
    "filterScope": 1,
    "groupId": "af3aba4f-7bb6-41e3-85e4-d931d7653ede",
    "since": "1970-01-01T00:00:00+00:00",
    "typeFilters": [
      {
        "ResourceType": "*",
        "Parameters": []
      }
    ],
    "processedPatientIds": []
  },
  "patients": [
    {
      "PatientId": "cbe1a164-c5c8-65b4-747a-829a6bd4e85f",
      "IsNewPatient": true
    }
  ],
  "lastHeartBeat": "2022-07-01T00:00:00+00:00",
  "nextTaskIndex": 1,
  "runningTasks": {},
  "totalResourceCounts": {
    "ExplanationOfBenefit": 445,
    "Condition": 97,
    "DiagnosticReport": 270,
    "Encounter": 183,
    "DocumentReference": 183,
    "Claim": 445,
    "CareTeam": 6,
    "CarePlan": 6,
    "MedicationRequest": 262,
    "AllergyIntolerance": 1,
    "Observation": 768,
    "Procedure": 327,
    "Immunization": 13,
    "Provenance": 1
  },
  "processedResourceCounts": {
    "ExplanationOfBenefit": 445,
    "Condition": 97,
    "DiagnosticReport": 270,
    "Encounter": 183,
    "DocumentReference": 183,
    "Claim": 445,
    "CareTeam": 6,
    "CarePlan": 6,
    "MedicationRequest": 262,
    "AllergyIntolerance": 1,
    "Observation": 768,
    "Procedure": 327,
    "Immunization": 13,
    "Provenance": 1
  },
  "skippedResourceCounts": {
    "ExplanationOfBenefit": 0,
    "Condition": 0,
    "DiagnosticReport": 0,
    "Encounter": 0,
    "DocumentReference": 0,
    "Claim": 0,
    "CareTeam": 0,
    "CarePlan": 0,
    "MedicationRequest": 0,
    "AllergyIntolerance": 0,
    "Observation": 0,
    "Procedure": 0,
    "Immunization": 0,
    "Provenance": 0
  },
  "failedReason": null,
  "ResumedJobId": null
}