{
  "id": "89a2a7b577954ea2b964b7865e8c2d9d",
  "createdTime": "2022-07-03T10:53:09.9007063+00:00",
  "completedTime": "2022-07-03T10:54:24.1135852+00:00",
  "containerName": "9a8f638edc3b4753bb47d25b34b1ecac",
  "status": 2,
  "dataPeriod": {
    "start": "1970-01-01T00:00:00+00:00",
    "end": "2022-07-01T00:00:00+00:00"
  },
  "filterInfo": {
    "filterScope": 1,
    "groupId": "72d653ce-2dbb-4432-bfa0-9ac47d0e0a2c",
    "since": "1970-01-01T00:00:00+00:00",
    "typeFilters": [
      {
        "resourceType": "MedicationRequest",
        "parameters": [
          {
            "Item1": "status",
            "Item2": "active"
          }
        ]
      },
      {
        "resourceType": "MedicationRequest",
        "parameters": [
          {
            "Item1": "status",
            "Item2": "completed"
          },
          {
            "Item1": "date",
            "Item2": "gt2018-07-01T00:00:00Z"
          }
        ]
      },
      {
        "resourceType": "*",
        "parameters": [
          {
            "Item1": "_type",
            "Item2": "Condition,Patient"
          }
        ]
      }
    ],
    "processedPatientIds": []
  },
  "patients": [
    {
      "patientId": "cbe1a164-c5c8-65b4-747a-829a6bd4e85f",
      "isNewPatient": true
    },
    {
      "patientId": "9e759ed3-b8a3-102b-e39f-6067c306bcf5",
      "isNewPatient": true
    },
    {
      "patientId": "52ab92f7-0c17-6912-0a99-9c0c29303238",
      "isNewPatient": true
    },
    {
      "patientId": "1c70a7b3-6ec2-1b80-ee81-ee7ff8ff6086",
      "isNewPatient": true
    },
    {
      "patientId": "0d616d01-d5c4-b150-9eeb-00a9ce202461",
      "isNewPatient": true
    },
    {
      "patientId": "a21e33f9-1f3c-12fb-bbe9-7443de8208a1",
      "isNewPatient": true
    },
    {
      "patientId": "768fbdd7-9ad8-f2f3-4c94-552130851bc8",
      "isNewPatient": true
    },
    {
      "patientId": "e7b22130-bde1-0ef1-9e09-07f22c252a7f",
      "isNewPatient": true
    },
    {
      "patientId": "5bb68784-2af1-0b12-48d9-9493f222ea7c",
      "isNewPatient": true
    },
    {
      "patientId": "065bdd2d-36be-b923-17cd-a8f8427d3a93",
      "isNewPatient": true
    },
    {
      "patientId": "465b4d91-364b-0f7b-8650-992dcf6dbb9c",
      "isNewPatient": true
    },
    {
      "patientId": "2db83ad4-951f-de86-40a3-ae835ff12eed",
      "isNewPatient": true
    },
    {
      "patientId": "4983bdb9-eacd-027e-5553-76d61822f3a7",
      "isNewPatient": true
    },
    {
      "patientId": "49225f4a-82dc-beed-c822-16999cb45deb",
      "isNewPatient": true
    },
    {
      "patientId": "62255b3c-26f4-d57f-0e96-1ce1829d053f",
      "isNewPatient": true
    },
    {
      "patientId": "48822052-1f48-b1fc-865d-01b546e22955",
      "isNewPatient": true
    },
    {
      "patientId": "a3e4471a-2e76-944d-41c3-6fe416c95fa0",
      "isNewPatient": true
    },
    {
      "patientId": "18483a05-a796-6a4b-e29a-322d43457aad",
      "isNewPatient": true
    },
    {
      "patientId": "dc09aed4-e104-4656-9142-0e6fe5f5bebc",
      "isNewPatient": true
    },
    {
      "patientId": "df14dafd-929f-937c-a8bd-c00c5f7e5370",
      "isNewPatient": true
    },
    {
      "patientId": "db70fe70-7b41-e641-a8b1-b268f0a5875c",
      "isNewPatient": true
    },
    {
      "patientId": "c510879e-05d4-572d-b7b8-d13b7eeb622f",
      "isNewPatient": true
    },
    {
      "patientId": "fbd27fb6-3ed7-d72f-975a-6c6f44e7c8d6",
      "isNewPatient": true
    },
    {
      "patientId": "79f56333-bd61-074a-8cc1-13038b342607",
      "isNewPatient": true
    },
    {
      "patientId": "9605b713-a92f-ae9b-feec-bd723183e597",
      "isNewPatient": true
    },
    {
      "patientId": "36bf9d53-7659-0ff8-ca43-9a2b45357d8d",
      "isNewPatient": true
    },
    {
      "patientId": "0e02b83f-79e0-4e22-6021-e2ff7d1e0207",
      "isNewPatient": true
    },
    {
      "patientId": "cd676046-625b-d0cf-de97-10493ef6d16d",
      "isNewPatient": true
    },
    {
      "patientId": "918bcf36-6e0f-5dc1-0df0-06442137b069",
      "isNewPatient": true
    },
    {
      "patientId": "7c899a53-a396-6090-65f8-c72c84ac728f",
      "isNewPatient": true
    },
    {
      "patientId": "bcc5e9b8-f748-4d36-81cf-e3ec1495a4a6",
      "isNewPatient": true
    },
    {
      "patientId": "3cb66285-90c6-44e9-3162-a5b166a04e72",
      "isNewPatient": true
    },
    {
      "patientId": "6e41006b-f69d-1e4c-88b7-c4d63c82d289",
      "isNewPatient": true
    },
    {
      "patientId": "3b8bdcd4-470d-e5eb-1e24-c73903d3addc",
      "isNewPatient": true
    },
    {
      "patientId": "e5a57ae1-3dee-2f7b-f31a-8eef4362c791",
      "isNewPatient": true
    },
    {
      "patientId": "6d22735e-a741-6d0d-c4ec-9ec1e9abcf0c",
      "isNewPatient": true
    },
    {
      "patientId": "a5940b3a-e8f9-42c6-1463-59c454b16515",
      "isNewPatient": true
    },
    {
      "patientId": "7d0fb009-d000-48cc-f42c-c20723a10bcd",
      "isNewPatient": true
    },
    {
      "patientId": "a5694160-ab27-03a4-934e-8fc9db7a00cb",
      "isNewPatient": true
    },
    {
      "patientId": "a49c3ba3-bc6e-ae99-6c58-73eea235fa48",
      "isNewPatient": true
    },
    {
      "patientId": "4b6f74b8-14c8-b411-92db-85de3826310c",
      "isNewPatient": true
    },
    {
      "patientId": "05f50595-db8c-500b-509c-c1661316b89a",
      "isNewPatient": true
    },
    {
      "patientId": "4d6de115-aafb-5ab0-94bb-f1dadaf5e0e7",
      "isNewPatient": true
    },
    {
      "patientId": "e53848ce-f918-73d8-bb70-69c59c25ebd4",
      "isNewPatient": true
    },
    {
      "patientId": "525d663f-6bd3-bcf6-48bf-063d5fdfc1dc",
      "isNewPatient": true
    },
    {
      "patientId": "1350547c-2a01-0c17-409f-34ea58afdc21",
      "isNewPatient": true
    },
    {
      "patientId": "0804d58c-c1ce-ba9c-f377-fe6817363959",
      "isNewPatient": true
    },
    {
      "patientId": "374a9584-2968-88c9-578b-216f4a93098d",
      "isNewPatient": true
    },
    {
      "patientId": "100da7d0-e031-2a27-d325-6d4e5c8005a9",
      "isNewPatient": true
    },
    {
      "patientId": "d8cad88e-69b6-0f90-d33b-d01ded132bf4",
      "isNewPatient": true
    },
    {
      "patientId": "26175f5c-8976-ed86-fb08-025c5b6ff6c5",
      "isNewPatient": true
    },
    {
      "patientId": "5fa8310c-2cc3-5e5a-74bd-37bbf77e114e",
      "isNewPatient": true
    },
    {
      "patientId": "fb5bacc1-435f-bb8c-75e1-839436516ba9",
      "isNewPatient": true
    },
    {
      "patientId": "6e2db5a7-ba6f-b040-60eb-7f2a169ce016",
      "isNewPatient": true
    },
    {
      "patientId": "382c81ea-9101-20c6-c0ce-8fd68f2ebaa9",
      "isNewPatient": true
    },
    {
      "patientId": "d8f98fc9-bd61-677a-d636-a334cc43afb9",
      "isNewPatient": true
    },
    {
      "patientId": "d38bfdcf-4cd6-73e3-15ab-8e8328ddf2a5",
      "isNewPatient": true
    },
    {
      "patientId": "540f4a59-8bb6-8490-0102-9525378333ca",
      "isNewPatient": true
    },
    {
      "patientId": "049e2c44-569f-c86a-511b-d9a603721e94",
      "isNewPatient": true
    },
    {
      "patientId": "3479df59-ac14-9d42-8dc7-5a48b17f417d",
      "isNewPatient": true
    },
    {
      "patientId": "f85e9051-070e-143c-f363-9da0accb6737",
      "isNewPatient": true
    },
    {
      "patientId": "1851801a-e38b-364b-8137-f857c89da546",
      "isNewPatient": true
    },
    {
      "patientId": "e8b3cbe1-c358-4330-74ad-7b29f12674ee",
      "isNewPatient": true
    },
    {
      "patientId": "efcf7e09-8230-7666-4b4d-3f5d1dca8a1c",
      "isNewPatient": true
    },
    {
      "patientId": "4d3f641f-da11-fee9-3bff-1b0492eae330",
      "isNewPatient": true
    },
    {
      "patientId": "6659b9d8-be69-1b8b-a46d-7eda55f24d80",
      "isNewPatient": true
    },
    {
      "patientId": "297d1441-2c8a-adbc-9bdd-c7bf19261366",
      "isNewPatient": true
    },
    {
      "patientId": "23d7cab2-8a4b-1a6d-805c-82b938eccacf",
      "isNewPatient": true
    },
    {
      "patientId": "1165602e-1dd9-c7e1-0f79-6b4b04f4a140",
      "isNewPatient": true
    },
    {
      "patientId": "6bc62930-0394-411a-bede-ad3c494c92e9",
      "isNewPatient": true
    },
    {
      "patientId": "9533bcef-3e8d-fcc2-3c4e-dcf3272b6ed1",
      "isNewPatient": true
    },
    {
      "patientId": "5ceaeb0c-72e8-1460-cf2d-6a27f71827cf",
      "isNewPatient": true
    },
    {
      "patientId": "2dd6b524-f79f-67c4-6d1b-62c7f6a92a75",
      "isNewPatient": true
    },
    {
      "patientId": "12ab2623-7e1a-7012-334e-41ff87e7cfe0",
      "isNewPatient": true
    },
    {
      "patientId": "bebd5c84-c3d0-7965-f452-90a15e126655",
      "isNewPatient": true
    },
    {
      "patientId": "4f5de675-3318-b20f-efd3-9b30ae73a70e",
      "isNewPatient": true
    },
    {
      "patientId": "ea364edc-c42f-766a-2b7e-0910e979efdd",
      "isNewPatient": true
    },
    {
      "patientId": "e7aa09ba-d5cb-a808-6afb-06f1c4407eb2",
      "isNewPatient": true
    },
    {
      "patientId": "16239de7-f2c1-16c2-1221-f416e14a311f",
      "isNewPatient": true
    },
    {
      "patientId": "3f300ee1-9302-5097-87a4-9ca4c8d6f14c",
      "isNewPatient": true
    }
  ],
  "lastHeartBeat": "2022-07-03T10:54:24.1135852+00:00",
  "nextTaskIndex": 1,
  "runningTasks": {},
  "totalResourceCounts": {
    "Patient": 80,
    "MedicationRequest": 184,
    "Condition": 3092
  },
  "processedResourceCounts": {
    "Patient": 80,
    "MedicationRequest": 184,
    "Condition": 3092
  },
  "skippedResourceCounts": {
    "Patient": 0,
    "MedicationRequest": 0,
    "Condition": 0
  },
  "failedReason": null,
  "ResumedJobId": null
}