{"id":"2f666bc1ca1c40b1be90b2975d51cab0","createdTime":"2022-06-30T10:03:38.9882534+00:00","completedTime":"2022-06-30T10:04:51.8830837+00:00","containerName":"3fd71cd9b4dc4ca1950b816b98057f70","status":2,"dataPeriod":{"start":"1970-01-01T00:00:00+00:00","end":"2022-06-30T10:01:38.9856883+00:00"},"since":"1970-01-01T00:00:00+00:00","filterContext":{"filterScope":0,"groupId":"","typeFilters":[{"ResourceType":"Patient","Parameters":[]},{"ResourceType":"Observation","Parameters":[]}],"processedPatientIds":[]},"patients":[],"lastHeartBeat":"2022-06-30T10:04:51.8830837+00:00","nextTaskIndex":2,"runningTasks":{},"totalResourceCounts":{"Patient":80,"Observation":37080},"processedResourceCounts":{"Patient":80,"Observation":37080},"skippedResourceCounts":{"Patient":0,"Observation":0},"failedReason":null,"ResumedJobId":null}